// Jest Snapshot v1, https://goo.gl/fbAQLP

exports[`<ExpandableSearchInput /> should render correctly 1`] = `ShallowWrapper {}`;
