// Jest Snapshot v1, https://goo.gl/fbAQLP

exports[`<ButtonSelect /> should render correctly 1`] = `ShallowWrapper {}`;
