// Jest Snapshot v1, https://goo.gl/fbAQLP

exports[`<ToggleSwitch> should render correctly 1`] = `ShallowWrapper {}`;
