// Jest Snapshot v1, https://goo.gl/fbAQLP

exports[`<FontIcon /> should be render correctly 1`] = `ShallowWrapper {}`;
