// Jest Snapshot v1, https://goo.gl/fbAQLP

exports[`<BorderOr /> should be render correctly 1`] = `ShallowWrapper {}`;
