// Jest Snapshot v1, https://goo.gl/fbAQLP

exports[`<IconButton /> should render correctly 1`] = `ShallowWrapper {}`;
