// Jest Snapshot v1, https://goo.gl/fbAQLP

exports[`<BackButton /> should render correctly 1`] = `ShallowWrapper {}`;
