// Jest Snapshot v1, https://goo.gl/fbAQLP

exports[`Collection should render correctly 1`] = `
.c1 {
  position: relative;
  padding: 0 10px;
  width: 50%;
  max-width: 202px;
  height: auto;
  margin-bottom: 30px;
}

.c1 > a:first-child {
  border-radius: px;
  display: block;
}

.c0 {
  position: relative;
}

.c3 {
  display: -webkit-box;
  display: -webkit-flex;
  display: -ms-flexbox;
  display: flex;
  -webkit-box-pack: center;
  -webkit-justify-content: center;
  -ms-flex-pack: center;
  justify-content: center;
  -webkit-align-items: center;
  -webkit-box-align: center;
  -ms-flex-align: center;
  align-items: center;
  height: 72px;
  position: relative;
  top: -13px;
  background-color: hsl(220,69%,97%);
  border-bottom-left-radius: 3px;
  border-bottom-right-radius: 3px;
}

.c4 {
  font-size: 16px;
  color: hsl(220,2%,35%);
  text-align: center;
  max-width: 146px;
  font-weight: 700;
}

.c2 {
  width: 100%;
  height: auto;
  overflow: hidden;
  position: relative;
  display: -webkit-box;
  display: -webkit-flex;
  display: -ms-flexbox;
  display: flex;
  -webkit-box-pack: center;
  -webkit-justify-content: center;
  -ms-flex-pack: center;
  justify-content: center;
  -webkit-align-items: center;
  -webkit-box-align: center;
  -ms-flex-align: center;
  align-items: center;
  -webkit-text-decoration: none;
  text-decoration: none;
  border-top-left-radius: 3px;
  border-top-right-radius: 3px;
  max-height: 270px;
}

.c2 > img {
  position: relative;
  left: -25%;
  width: 150%;
  vertical-align: top;
}

@media (min-width:768px) {
  .c1 {
    width: 202px;
    padding: 0px 10px 40px 10px;
    margin-bottom: 0;
    cursor: pointer;
  }
}

@media (max-width:768px) {
  .c1 {
    padding: 0px 8px 0 8px;
  }
}

@media (min-width:768px) {
  .c4 {
    font-size: 18px;
    max-width: 160px;
  }
}

@media (min-width:1600px) {
  .c4 {
    font-size: 20px;
    max-width: 180px;
  }
}

<div
  className="c0 c1"
>
  <a
    className="c2"
    href="/biblioteca/colecao/:name"
    onClick={[Function]}
  >
    <img
      alt="nodejs"
      src="https://s3-sa-east-1.amazonaws.com/files.arvoredelivros.com.br/arvore-library-assets/arvore_colecoes_banner_.png"
    />
    <div
      className="c3"
    >
      <span
        className="c4"
      >
        
      </span>
    </div>
  </a>
</div>
`;
