// Jest Snapshot v1, https://goo.gl/fbAQLP

exports[`<Alert> should render correctly 1`] = `ShallowWrapper {}`;
